// Jest Snapshot v1, https://goo.gl/fbAQLP

exports[`<SearchInput /> should render Search Input correctly 1`] = `
Object {
  "asFragment": [Function],
  "baseElement": <body>
    <div>
      <form
        class="styles__Container-sc-5265yl-0 dgZzKS"
        disabled=""
      >
        <input
          aria-label="username"
          autocomplete="off"
          list="streamer-username"
          name="username"
          placeholder="Streamer Username"
          type="text"
          value=""
        />
        <datalist
          id="streamer-username"
        />
        <div
          class="styles__Container-ezdgk0-0 dCQtIG"
        >
          <label
            for="quality"
          >
            Select a quality: 
          </label>
          <select
            id="quality"
            name="quality"
          >
            <option>
              Source
            </option>
            <option
              value="720p60"
            >
              720p60
            </option>
            <option
              value="720p30"
            >
              720p30
            </option>
            <option
              value="480p30"
            >
              480p
            </option>
            <option
              value="360p30"
            >
              360p
            </option>
            <option
              value="160p30"
            >
              160p
            </option>
            <option
              value="audio_only"
            >
              audio
            </option>
          </select>
          <div
            class="styles__Container-pgyzn6-0 kCeIyN"
          >
            <div
              class="info-box"
            >
              <p>
                Works best with "Source"
              </p>
            </div>
            <svg
              fill="none"
              height="18"
              stroke="currentColor"
              stroke-linecap="round"
              stroke-linejoin="round"
              stroke-width="2"
              viewBox="0 0 24 24"
              width="18"
              xmlns="http://www.w3.org/2000/svg"
            >
              <circle
                cx="12"
                cy="12"
                r="10"
              />
              <line
                x1="12"
                x2="12"
                y1="16"
                y2="12"
              />
              <line
                x1="12"
                x2="12.01"
                y1="8"
                y2="8"
              />
            </svg>
          </div>
        </div>
        <button
          aria-label="submit"
          disabled=""
          type="submit"
        >
          <svg
            fill="none"
            height="14"
            stroke="currentColor"
            stroke-linecap="round"
            stroke-linejoin="round"
            stroke-width="2"
            viewBox="0 0 24 24"
            width="14"
            xmlns="http://www.w3.org/2000/svg"
          >
            <circle
              cx="11"
              cy="11"
              r="8"
            />
            <line
              x1="21"
              x2="16.65"
              y1="21"
              y2="16.65"
            />
          </svg>
          Search
        </button>
      </form>
    </div>
  </body>,
  "container": <div>
    <form
      class="styles__Container-sc-5265yl-0 dgZzKS"
      disabled=""
    >
      <input
        aria-label="username"
        autocomplete="off"
        list="streamer-username"
        name="username"
        placeholder="Streamer Username"
        type="text"
        value=""
      />
      <datalist
        id="streamer-username"
      />
      <div
        class="styles__Container-ezdgk0-0 dCQtIG"
      >
        <label
          for="quality"
        >
          Select a quality: 
        </label>
        <select
          id="quality"
          name="quality"
        >
          <option>
            Source
          </option>
          <option
            value="720p60"
          >
            720p60
          </option>
          <option
            value="720p30"
          >
            720p30
          </option>
          <option
            value="480p30"
          >
            480p
          </option>
          <option
            value="360p30"
          >
            360p
          </option>
          <option
            value="160p30"
          >
            160p
          </option>
          <option
            value="audio_only"
          >
            audio
          </option>
        </select>
        <div
          class="styles__Container-pgyzn6-0 kCeIyN"
        >
          <div
            class="info-box"
          >
            <p>
              Works best with "Source"
            </p>
          </div>
          <svg
            fill="none"
            height="18"
            stroke="currentColor"
            stroke-linecap="round"
            stroke-linejoin="round"
            stroke-width="2"
            viewBox="0 0 24 24"
            width="18"
            xmlns="http://www.w3.org/2000/svg"
          >
            <circle
              cx="12"
              cy="12"
              r="10"
            />
            <line
              x1="12"
              x2="12"
              y1="16"
              y2="12"
            />
            <line
              x1="12"
              x2="12.01"
              y1="8"
              y2="8"
            />
          </svg>
        </div>
      </div>
      <button
        aria-label="submit"
        disabled=""
        type="submit"
      >
        <svg
          fill="none"
          height="14"
          stroke="currentColor"
          stroke-linecap="round"
          stroke-linejoin="round"
          stroke-width="2"
          viewBox="0 0 24 24"
          width="14"
          xmlns="http://www.w3.org/2000/svg"
        >
          <circle
            cx="11"
            cy="11"
            r="8"
          />
          <line
            x1="21"
            x2="16.65"
            y1="21"
            y2="16.65"
          />
        </svg>
        Search
      </button>
    </form>
  </div>,
  "debug": [Function],
  "findAllByAltText": [Function],
  "findAllByDisplayValue": [Function],
  "findAllByLabelText": [Function],
  "findAllByPlaceholderText": [Function],
  "findAllByRole": [Function],
  "findAllByTestId": [Function],
  "findAllByText": [Function],
  "findAllByTitle": [Function],
  "findByAltText": [Function],
  "findByDisplayValue": [Function],
  "findByLabelText": [Function],
  "findByPlaceholderText": [Function],
  "findByRole": [Function],
  "findByTestId": [Function],
  "findByText": [Function],
  "findByTitle": [Function],
  "getAllByAltText": [Function],
  "getAllByDisplayValue": [Function],
  "getAllByLabelText": [Function],
  "getAllByPlaceholderText": [Function],
  "getAllByRole": [Function],
  "getAllByTestId": [Function],
  "getAllByText": [Function],
  "getAllByTitle": [Function],
  "getByAltText": [Function],
  "getByDisplayValue": [Function],
  "getByLabelText": [Function],
  "getByPlaceholderText": [Function],
  "getByRole": [Function],
  "getByTestId": [Function],
  "getByText": [Function],
  "getByTitle": [Function],
  "queryAllByAltText": [Function],
  "queryAllByDisplayValue": [Function],
  "queryAllByLabelText": [Function],
  "queryAllByPlaceholderText": [Function],
  "queryAllByRole": [Function],
  "queryAllByTestId": [Function],
  "queryAllByText": [Function],
  "queryAllByTitle": [Function],
  "queryByAltText": [Function],
  "queryByDisplayValue": [Function],
  "queryByLabelText": [Function],
  "queryByPlaceholderText": [Function],
  "queryByRole": [Function],
  "queryByTestId": [Function],
  "queryByText": [Function],
  "queryByTitle": [Function],
  "rerender": [Function],
  "unmount": [Function],
}
`;
