// Jest Snapshot v1, https://goo.gl/fbAQLP

exports[`should render Vod Modal correctly 1`] = `
Object {
  "asFragment": [Function],
  "baseElement": <body>
    <div>
      <div
        class="styles__Container-xygqpp-0 hoGEtO"
      >
        <div
          class="styles__Ads-xygqpp-1 ccrZEW"
        >
          <div>
            <a
              href="https://ko-fi.com/pogulive"
              rel="noopener noreferrer"
              target="_blank"
            >
              Hey, these servers aren't free...
              <img
                alt="Buy Me a Coffee at ko-fi.com"
                class="kofi-img"
                src="https://cdn.ko-fi.com/cdn/kofi5.png?v=2"
                width="230px"
              />
              <p>
                ... if you can, of course :)
              </p>
            </a>
            <button>
              I already paid
              <img
                src="https://static-cdn.jtvnw.net/emoticons/v1/4339/3.0"
                title="EleGiggle"
              />
            </button>
          </div>
          <button>
            Close Reminder
            <svg
              fill="currentColor"
              height="32"
              stroke="currentColor"
              stroke-width="0"
              viewBox="0 0 512 512"
              width="32"
              xmlns="http://www.w3.org/2000/svg"
            >
              <path
                d="M464 32H48C21.5 32 0 53.5 0 80v352c0 26.5 21.5 48 48 48h416c26.5 0 48-21.5 48-48V80c0-26.5-21.5-48-48-48zm-83.6 290.5c4.8 4.8 4.8 12.6 0 17.4l-40.5 40.5c-4.8 4.8-12.6 4.8-17.4 0L256 313.3l-66.5 67.1c-4.8 4.8-12.6 4.8-17.4 0l-40.5-40.5c-4.8-4.8-4.8-12.6 0-17.4l67.1-66.5-67.1-66.5c-4.8-4.8-4.8-12.6 0-17.4l40.5-40.5c4.8-4.8 12.6-4.8 17.4 0l66.5 67.1 66.5-67.1c4.8-4.8 12.6-4.8 17.4 0l40.5 40.5c4.8 4.8 4.8 12.6 0 17.4L313.3 256l67.1 66.5z"
              />
            </svg>
          </button>
        </div>
        <div
          class="styles__CustomOptions-xygqpp-2 kMIVgN"
        >
          <select>
            <option
              value="0.5"
            >
              Speed 0.5x
            </option>
            <option
              value="0.75"
            >
              Speed 0.75x
            </option>
            <option
              selected=""
              value="1"
            >
              Speed 1x
            </option>
            <option
              value="2"
            >
              Speed 2x
            </option>
          </select>
          <button>
            Clip it
             
            <img
              src="https://static-cdn.jtvnw.net/emoticons/v2/425618/default/dark/3.0"
              title="LUL"
            />
          </button>
        </div>
        <div
          style="width: 100%; height: 100%;"
        />
      </div>
    </div>
  </body>,
  "container": <div>
    <div
      class="styles__Container-xygqpp-0 hoGEtO"
    >
      <div
        class="styles__Ads-xygqpp-1 ccrZEW"
      >
        <div>
          <a
            href="https://ko-fi.com/pogulive"
            rel="noopener noreferrer"
            target="_blank"
          >
            Hey, these servers aren't free...
            <img
              alt="Buy Me a Coffee at ko-fi.com"
              class="kofi-img"
              src="https://cdn.ko-fi.com/cdn/kofi5.png?v=2"
              width="230px"
            />
            <p>
              ... if you can, of course :)
            </p>
          </a>
          <button>
            I already paid
            <img
              src="https://static-cdn.jtvnw.net/emoticons/v1/4339/3.0"
              title="EleGiggle"
            />
          </button>
        </div>
        <button>
          Close Reminder
          <svg
            fill="currentColor"
            height="32"
            stroke="currentColor"
            stroke-width="0"
            viewBox="0 0 512 512"
            width="32"
            xmlns="http://www.w3.org/2000/svg"
          >
            <path
              d="M464 32H48C21.5 32 0 53.5 0 80v352c0 26.5 21.5 48 48 48h416c26.5 0 48-21.5 48-48V80c0-26.5-21.5-48-48-48zm-83.6 290.5c4.8 4.8 4.8 12.6 0 17.4l-40.5 40.5c-4.8 4.8-12.6 4.8-17.4 0L256 313.3l-66.5 67.1c-4.8 4.8-12.6 4.8-17.4 0l-40.5-40.5c-4.8-4.8-4.8-12.6 0-17.4l67.1-66.5-67.1-66.5c-4.8-4.8-4.8-12.6 0-17.4l40.5-40.5c4.8-4.8 12.6-4.8 17.4 0l66.5 67.1 66.5-67.1c4.8-4.8 12.6-4.8 17.4 0l40.5 40.5c4.8 4.8 4.8 12.6 0 17.4L313.3 256l67.1 66.5z"
            />
          </svg>
        </button>
      </div>
      <div
        class="styles__CustomOptions-xygqpp-2 kMIVgN"
      >
        <select>
          <option
            value="0.5"
          >
            Speed 0.5x
          </option>
          <option
            value="0.75"
          >
            Speed 0.75x
          </option>
          <option
            selected=""
            value="1"
          >
            Speed 1x
          </option>
          <option
            value="2"
          >
            Speed 2x
          </option>
        </select>
        <button>
          Clip it
           
          <img
            src="https://static-cdn.jtvnw.net/emoticons/v2/425618/default/dark/3.0"
            title="LUL"
          />
        </button>
      </div>
      <div
        style="width: 100%; height: 100%;"
      />
    </div>
  </div>,
  "debug": [Function],
  "findAllByAltText": [Function],
  "findAllByDisplayValue": [Function],
  "findAllByLabelText": [Function],
  "findAllByPlaceholderText": [Function],
  "findAllByRole": [Function],
  "findAllByTestId": [Function],
  "findAllByText": [Function],
  "findAllByTitle": [Function],
  "findByAltText": [Function],
  "findByDisplayValue": [Function],
  "findByLabelText": [Function],
  "findByPlaceholderText": [Function],
  "findByRole": [Function],
  "findByTestId": [Function],
  "findByText": [Function],
  "findByTitle": [Function],
  "getAllByAltText": [Function],
  "getAllByDisplayValue": [Function],
  "getAllByLabelText": [Function],
  "getAllByPlaceholderText": [Function],
  "getAllByRole": [Function],
  "getAllByTestId": [Function],
  "getAllByText": [Function],
  "getAllByTitle": [Function],
  "getByAltText": [Function],
  "getByDisplayValue": [Function],
  "getByLabelText": [Function],
  "getByPlaceholderText": [Function],
  "getByRole": [Function],
  "getByTestId": [Function],
  "getByText": [Function],
  "getByTitle": [Function],
  "queryAllByAltText": [Function],
  "queryAllByDisplayValue": [Function],
  "queryAllByLabelText": [Function],
  "queryAllByPlaceholderText": [Function],
  "queryAllByRole": [Function],
  "queryAllByTestId": [Function],
  "queryAllByText": [Function],
  "queryAllByTitle": [Function],
  "queryByAltText": [Function],
  "queryByDisplayValue": [Function],
  "queryByLabelText": [Function],
  "queryByPlaceholderText": [Function],
  "queryByRole": [Function],
  "queryByTestId": [Function],
  "queryByText": [Function],
  "queryByTitle": [Function],
  "rerender": [Function],
  "unmount": [Function],
}
`;
